[www.bfxdata.com/index.html]
[backblue.gif]
[fade.gif]
[index.html]
[maxcdn.bootstrapcdn.com/font-awesome/4.2.0/css/font-awesome.min.css]
[www.google-analytics.com/analytics.js]
[www.bfxdata.com/assets/css/landing_min.css]
[www.bfxdata.com/social/images/flat_web_icon_set/inverted/Facebook.png]
[www.bfxdata.com/social/images/flat_web_icon_set/inverted/Twitter.png]
[www.bfxdata.com/social/images/flat_web_icon_set/inverted/Google+.png]
[www.bfxdata.com/social/images/flat_web_icon_set/inverted/Reddit.png]
[www.bfxdata.com/swapstats/usd.html]
[www.bfxdata.com/swaphistory/usd.html]
[www.bfxdata.com/swapstats/btc.html]
[www.bfxdata.com/swaphistory/btc.html]
[www.bfxdata.com/swapstats/eth.html]
[www.bfxdata.com/swaphistory/eth.html]
[www.bfxdata.com/swapstats/etc.html]
[www.bfxdata.com/swaphistory/etc.html]
[www.bfxdata.com/swapstats/bfx.html]
[www.bfxdata.com/swaphistory/bfx.html]
[www.bfxdata.com/swapstats/ltc.html]
[www.bfxdata.com/swaphistory/ltc.html]
[www.bfxdata.com/swaphistory/totals.html]
[www.bfxdata.com/orderbooks/btcusd.html]
[www.bfxdata.com/orderbooks/ethusd.html]
[www.bfxdata.com/orderbooks/etcusd.html]
[www.bfxdata.com/orderbooks/xmrusd.html]
[www.bfxdata.com/orderbooks/zecusd.html]
[www.bfxdata.com/orderbooks/ltcusd.html]
[www.bfxdata.com/orderbooks/bfxusd.html]
[www.bfxdata.com/orderbooks/rrtusd.html]
[www.bfxdata.com/orderbooks/ethbtc.html]
[www.bfxdata.com/orderbooks/etcbtc.html]
[www.bfxdata.com/orderbooks/xmrbtc.html]
[www.bfxdata.com/orderbooks/zecbtc.html]
[www.bfxdata.com/orderbooks/ltcbtc.html]
[www.bfxdata.com/orderbooks/bfxbtc.html]
[www.bfxdata.com/orderbooks/rrtbtc.html]
[www.bfxdata.com/positions/btcusd.html]
[www.bfxdata.com/positions/ethusd.html]
[www.bfxdata.com/positions/etcusd.html]
[www.bfxdata.com/positions/ltcusd.html]
[www.bfxdata.com/positions/bfxusd.html]
[www.bfxdata.com/positions/ethbtc.html]
[www.bfxdata.com/positions/etcbtc.html]
[www.bfxdata.com/positions/ltcbtc.html]
[www.bfxdata.com/positions/bfxbtc.html]
[www.bfxdata.com/datadownload/index.html]
[www.bfxdata.com/calculators/long.html]
[www.bfxdata.com/calculators/short.html]
[www.bfxdata.com/calculators/swaps.html]
[www.bfxdata.com/calculators/frrswaps.html]
[www.bfxdata.com/img/playStore.png]
[www.bfxdata.com/combined/th1.html]
[www.bfxdata.com/index-2.html]
[www.bfxdata.com/orderbooks/th1btc.35.delayed]
[www.bfxdata.com/swapstats/th1.php]
[www.bfxdata.com/analysis/volumeperiod.html]
[www.bfxdata.com/sentiment/longshort.html]
[www.bfxdata.com/compare/btc.html]
[www.bfxdata.com/compare/ltc.html]
[ajax.googleapis.com/ajax/libs/jquery/1.11.2/jquery.min.js]
[cdnjs.cloudflare.com/ajax/libs/socket.io/1.3.4/socket.io.js]
[www.bfxdata.com/index.html]
[maxcdn.bootstrapcdn.com/font-awesome/4.2.0/css/font-awesome.min.css]
[www.bfxdata.com/assets/js/landing_min.js]
[code.jquery.com/ui/1.11.1/jquery-ui.min.js]
[www.bfxdata.com/assets/fonts/glyphicons-halflings-regular.eot]
[www.bfxdata.com/assets/fonts/glyphicons-halflings-regulard41d.eot]
[www.bfxdata.com/assets/fonts/glyphicons-halflings-regular.woff2]
[www.bfxdata.com/assets/fonts/glyphicons-halflings-regular.woff]
[www.bfxdata.com/assets/fonts/glyphicons-halflings-regular.ttf]
[www.bfxdata.com/assets/css/landing_min.css]
[www.bfxdata.com/assets/fonts/glyphicons-halflings-regular.svg]
[www.bfxdata.com/assets/css/swapstats_min.css]
[www.bfxdata.com/swapstats/usd.html]
[www.bfxdata.com/assets/js/swapstats/swapstatsUSD_min.js]
[code.highcharts.com/stock/2.0.4/highstock.js]
[www.bfxdata.com/assets/js/bootstrap.min.js]
[www.bfxdata.com/assets/css/swaphistory_min.css]
[www.bfxdata.com/swaphistory/usd.html]
[www.bfxdata.com/assets/js/swaphistory/swaphistoryUSD_min.js]
[www.bfxdata.com/swapstats/btc.html]
[www.bfxdata.com/assets/js/swapstats/swapstatsBTC_min.js]
[www.bfxdata.com/swaphistory/btc.html]
[www.bfxdata.com/assets/js/swaphistory/swaphistoryBTC_min.js]
[www.bfxdata.com/swapstats/eth.html]
[www.bfxdata.com/assets/js/swapstats/swapstatsETH_min.js]
[www.bfxdata.com/swaphistory/eth.html]
[www.bfxdata.com/assets/js/swaphistory/swaphistoryETH_min.js]
[www.bfxdata.com/swapstats/etc.html]
[www.bfxdata.com/assets/js/swapstats/swapstatsETC_min.js]
[www.bfxdata.com/swaphistory/etc.html]
[www.bfxdata.com/assets/js/swaphistory/swaphistoryETC_min.js]
[www.bfxdata.com/swapstats/bfx.html]
[www.bfxdata.com/assets/js/swapstats/swapstatsBFX_min.js]
[www.bfxdata.com/swaphistory/bfx.html]
[www.bfxdata.com/assets/js/swaphistory/swaphistoryBFX_min.js]
[www.bfxdata.com/assets/css/bootstrap.css]
[www.bfxdata.com/assets/css/css_changes.css]
[www.bfxdata.com/assets/css/swapstats.css]
[www.bfxdata.com/swapstats/ltc.html]
[www.bfxdata.com/assets/js/swapstats/swapstatsLTC_min.js]
[www.bfxdata.com/swaphistory/ltc.html]
[www.bfxdata.com/assets/js/swaphistory/swaphistoryLTC_min.js]
[www.bfxdata.com/swaphistory/totals.html]
[www.bfxdata.com/assets/js/swaphistory/totals_min.js]
[www.bfxdata.com/assets/css/orderbooks_js_min.css]
[s3.tradingview.com/tv.js]
[code.highcharts.com/stock/highstock.js]
[www.bfxdata.com/assets/js/underscore-min.js]
[www.bfxdata.com/assets/js/orderbooks/orderbook.tv.bfxws.min.js]
[www.bfxdata.com/assets/js/dialog.js]
[www.bfxdata.com/orderbooks/btcusd.html]
[www.bfxdata.com/orderbooks/ethusd.html]
[www.bfxdata.com/orderbooks/etcusd.html]
[www.bfxdata.com/assets/js/draggable.js]
[www.bfxdata.com/assets/js/jquery.slimscroll.js]
[www.bfxdata.com/assets/js/orderbooks/orderbookAlt.bfxws.min.js]
[gitcdn.github.io/bootstrap-toggle/2.2.2/js/bootstrap-toggle.min.js]
[www.bfxdata.com/orderbooks/xmrusd.html]
[www.bfxdata.com/orderbooks/zecusd.html]
[www.bfxdata.com/orderbooks/ltcusd.html]
[www.bfxdata.com/orderbooks/bfxusd.html]
[www.bfxdata.com/orderbooks/rrtusd.html]
[www.bfxdata.com/assets/css/orderbooks_min.css]
[d33t3vvu2t2yu5.cloudfront.net/tv.js]
[www.bfxdata.com/orderbooks/ethbtc.html]
[www.bfxdata.com/orderbooks/etcbtc.html]
[www.bfxdata.com/orderbooks/xmrbtc.html]
[www.bfxdata.com/orderbooks/zecbtc.html]
[www.bfxdata.com/orderbooks/ltcbtc.html]
[www.bfxdata.com/orderbooks/bfxbtc.html]
[www.bfxdata.com/orderbooks/rrtbtc.html]
[www.bfxdata.com/assets/js/orderbooks/orderbookETHBTC.ws.min.js]
[www.bfxdata.com/assets/css/positions_min.css]
[www.bfxdata.com/positions/btcusd.html]
[www.bfxdata.com/positions/ethusd.html]
[www.bfxdata.com/positions/etcusd.html]
[www.bfxdata.com/positions/ltcusd.html]
[www.bfxdata.com/positions/bfxusd.html]
[www.bfxdata.com/positions/ethbtc.html]
[www.bfxdata.com/positions/etcbtc.html]
[www.bfxdata.com/positions/ltcbtc.html]
[www.bfxdata.com/positions/bfxbtc.html]
[www.bfxdata.com/assets/js/positions/longshort_pos_min.js]
[www.bfxdata.com/assets/css/datadownload_min.css]
[www.bfxdata.com/csv/lastSwapsUSD.csv]
[www.bfxdata.com/csv/lastSwapsBTC.csv]
[www.bfxdata.com/csv/lastSwapsETH.csv]
[www.bfxdata.com/csv/lastSwapsETC.csv]
[www.bfxdata.com/csv/lastSwapsLTC.csv]
[www.bfxdata.com/csv/lastSwapsBFX.csv]
[www.bfxdata.com/csv/totalLendsUSD.csv]
[www.bfxdata.com/csv/totalLendsBTC.csv]
[www.bfxdata.com/csv/totalLendsETH.csv]
[www.bfxdata.com/csv/totalLendsETC.csv]
[www.bfxdata.com/csv/totalLendsLTC.csv]
[www.bfxdata.com/csv/totalLendsBFX.csv]
[www.bfxdata.com/csv/vwarHourlyUSD.csv]
[www.bfxdata.com/csv/vwarHourlyBTC.csv]
[www.bfxdata.com/csv/vwarHourlyETH.csv]
[www.bfxdata.com/csv/vwarHourlyETC.csv]
[www.bfxdata.com/csv/vwarHourlyLTC.csv]
[www.bfxdata.com/csv/vwarHourlyBFX.csv]
[www.bfxdata.com/csv/vwapHourlyBTCUSD.csv]
[www.bfxdata.com/csv/vwapHourlyETHUSD.csv]
[www.bfxdata.com/csv/vwapHourlyETCUSD.csv]
[www.bfxdata.com/csv/vwapHourlyLTCUSD.csv]
[www.bfxdata.com/csv/vwapHourlyBFXUSD.csv]
[www.bfxdata.com/csv/vwapHourlyETHBTC.csv]
[www.bfxdata.com/csv/vwapHourlyETCBTC.csv]
[www.bfxdata.com/csv/vwapHourlyLTCBTC.csv]
[www.bfxdata.com/csv/vwapHourlyBFXBTC.csv]
[www.bfxdata.com/assets/js/default/app_min.js]
[www.bfxdata.com/datadownload/index.html]
[www.bfxdata.com/calculators/favicon.ico]
[ajax.googleapis.com/ajax/libs/jquery/1.11.1/jquery.min.js]
[www.bfxdata.com/style/js/bootstrap.min.js]
[www.bfxdata.com/style/css/bootstrap.min.css]
[www.bfxdata.com/calculators/calculators.css]
[www.bfxdata.com/tickers.php]
[www.bfxdata.com/scripts/ticker_rt.js]
[www.bfxdata.com/calculators/img/longCalc.png]
[www.bfxdata.com/img/mobile_table_gray.png]
[www.bfxdata.com/scripts/lib.js]
[www.bfxdata.com/calculators/long.html]
[www.bfxdata.com/scripts/ticker_ws.js]
[www.bfxdata.com/calculators/img/shortCalc.png]
[www.bfxdata.com/calculators/short.html]
[www.bfxdata.com/calculators/swaps.html]
[www.bfxdata.com/calculators/frrswaps.html]
[www.bfxdata.com/index-2.html]
[www.bfxdata.com/combined/favicon.ico]
[www.bfxdata.com/calculators/swapcalculators.css]
[code.highcharts.com/stock/modules/exporting.js]
[www.bfxdata.com/scripts/graphs/combined/graphLiquidityFfrPriceTH1BTC.js]
[www.bfxdata.com/scripts/graphs/combined/graphLiquiditySumTH1priceCombined.js]
[www.bfxdata.com/scripts/graphs/combined/graphLiquidityTH1PriceTH1BTCCombined.js]
[www.bfxdata.com/combined/combined.css]
[www.bfxdata.com/tables/swapstats/lendbookDemandsBTC6f95.html]
[www.bfxdata.com/tables/swapstats/lendbookOffersBTC6f95.html]
[www.bfxdata.com/combined/th1.html]
[www.bfxdata.com/orderbooks/th1btc.html]
[www.bfxdata.com/swapstats/th1.html]
[www.bfxdata.com/tables/swapstats/lastSwapsTableBTC6f95.html]
[cdn.socket.io/socket.io-1.3.4.js]
[www.bfxdata.com/assets/css/longshort_min.css]
[www.bfxdata.com/assets/js/sentiment/longshort_min.js]
[www.bfxdata.com/sentiment/longshort.html]
[www.bfxdata.com/analysis/favicon.ico]
[www.bfxdata.com/analysis/analysis.css]
[www.bfxdata.com/scripts/graphs/analysis/graphVolumeHourOfDayBTCUSD.js]
[www.bfxdata.com/scripts/graphs/analysis/graphVolumeDayOfWeekBTCUSD.js]
[www.bfxdata.com/scripts/graphs/analysis/graphVolumeHourOfDayLTCUSD.js]
[www.bfxdata.com/scripts/graphs/analysis/graphVolumeDayOfWeekLTCUSD.js]
[www.bfxdata.com/scripts/graphs/analysis/graphVolumeHourOfDayLTCBTC.js]
[www.bfxdata.com/scripts/graphs/analysis/graphVolumeDayOfWeekLTCBTC.js]
[www.bfxdata.com/scripts/graphs/analysis/graphVolumeHourOfDayDRKUSD.js]
[www.bfxdata.com/scripts/graphs/analysis/graphVolumeDayOfWeekDRKUSD.js]
[www.bfxdata.com/scripts/graphs/analysis/graphVolumeHourOfDayDRKBTC.js]
[www.bfxdata.com/analysis/volumeperiod.html]
[www.bfxdata.com/scripts/graphs/analysis/graphVolumeDayOfWeekDRKBTC.js]
[www.bfxdata.com/compare/favicon.ico]
[www.bfxdata.com/scripts/graphs/compare/graphMarketComparisonBTCUSD.js]
[www.bfxdata.com/compare/btc.html]
[www.bfxdata.com/compare/compare.css]
[www.bfxdata.com/compare/ltc.html]
[www.bfxdata.com/assets/fonts/glyphicons-halflings-regular.svg]
[www.bfxdata.com/assets/css/swapstats_min.css]
[www.bfxdata.com/assets/css/swaphistory_min.css]
[www.bfxdata.com/assets/css/bootstrap.css]
[www.bfxdata.com/assets/css/css_changes.css]
[www.bfxdata.com/scripts/graphs/compare/graphMarketComparisonLTCUSD.js]
[www.bfxdata.com/img/spinner.gif]
[www.bfxdata.com/assets/css/swapstats.css]
[www.bfxdata.com/assets/css/orderbooks_js_min.css]
[www.bfxdata.com/assets/css/orderbooks_min.css]
[www.bfxdata.com/assets/css/positions_min.css]
[www.bfxdata.com/assets/css/datadownload_min.css]
[www.bfxdata.com/style/fonts/glyphicons-halflings-regular.eot]
[www.bfxdata.com/style/fonts/glyphicons-halflings-regulard41d.eot]
[www.bfxdata.com/style/fonts/glyphicons-halflings-regular.woff]
[www.bfxdata.com/style/fonts/glyphicons-halflings-regular.ttf]
[www.bfxdata.com/style/css/bootstrap.min.css]
[www.bfxdata.com/style/fonts/glyphicons-halflings-regular.svg]
[www.bfxdata.com/calculators/lane-font/LANENAR_-webfont.eot]
[www.bfxdata.com/calculators/lane-font/LANENAR_-webfontd41d.eot]
[www.bfxdata.com/calculators/lane-font/LANENAR_-webfont.woff]
[www.bfxdata.com/calculators/lane-font/LANENAR_-webfont.ttf]
[www.bfxdata.com/calculators/lane-font/LANENAR_-webfont.svg]
[www.bfxdata.com/calculators/new_circle-font/New_Cicle_Fina-webfont.eot]
[www.bfxdata.com/calculators/new_circle-font/New_Cicle_Fina-webfontd41d.eot]
[www.bfxdata.com/calculators/new_circle-font/New_Cicle_Fina-webfont.woff]
[www.bfxdata.com/calculators/new_circle-font/New_Cicle_Fina-webfont.ttf]
[www.bfxdata.com/calculators/new_circle-font/New_Cicle_Fina-webfont.svg]
[www.bfxdata.com/calculators/img/demandsTableBg.png]
[www.bfxdata.com/calculators/img/offersTableBg.png]
[www.bfxdata.com/calculators/img/lastSwapsTableBg.png]
[www.bfxdata.com/calculators/calculators.css]
[www.bfxdata.com/tickers.html]
[www.bfxdata.com/calculators/swapcalculators.css]
[www.bfxdata.com/combined/lane-font/LANENAR_-webfont.c2.delayed]
[www.bfxdata.com/combined/lane-font/LANENAR_-webfontd41d.eot]
[www.bfxdata.com/combined/lane-font/LANENAR_-webfont.woff]
[www.bfxdata.com/combined/lane-font/LANENAR_-webfont.ttf]
[www.bfxdata.com/combined/lane-font/LANENAR_-webfont.svg]
[www.bfxdata.com/combined/new_circle-font/New_Cicle_Fina-webfont.eot]
[www.bfxdata.com/combined/new_circle-font/New_Cicle_Fina-webfontd41d.eot]
[www.bfxdata.com/combined/new_circle-font/New_Cicle_Fina-webfont.woff]
[www.bfxdata.com/combined/new_circle-font/New_Cicle_Fina-webfont.ttf]
[www.bfxdata.com/combined/new_circle-font/New_Cicle_Fina-webfont.svg]
[www.bfxdata.com/combined/img/demandsTableBg.png]
[www.bfxdata.com/combined/img/offersTableBg.png]
[www.bfxdata.com/combined/img/lastSwapsTableBg.png]
[www.bfxdata.com/combined/combined.css]
[www.bfxdata.com/tables/swapstats/lendbookDemandsBTC6f95.html]
[www.bfxdata.com/tables/swapstats/lendbookOffersBTC6f95.html]
[www.bfxdata.com/tables/swapstats/lastSwapsTableBTC6f95.html]
[www.bfxdata.com/assets/css/longshort_min.css]
[www.bfxdata.com/assets/js/sentiment/longshort_min.html]
[www.bfxdata.com/analysis/lane-font/LANENAR_-webfont.eot]
[www.bfxdata.com/analysis/lane-font/LANENAR_-webfontd41d.eot]
[www.bfxdata.com/analysis/lane-font/LANENAR_-webfont.woff]
[www.bfxdata.com/analysis/lane-font/LANENAR_-webfont.ttf]
[www.bfxdata.com/analysis/lane-font/LANENAR_-webfont.svg]
[www.bfxdata.com/analysis/new_circle-font/New_Cicle_Fina-webfont.eot]
[www.bfxdata.com/analysis/new_circle-font/New_Cicle_Fina-webfontd41d.eot]
[www.bfxdata.com/analysis/new_circle-font/New_Cicle_Fina-webfont.woff]
[www.bfxdata.com/analysis/new_circle-font/New_Cicle_Fina-webfont.ttf]
[www.bfxdata.com/analysis/new_circle-font/New_Cicle_Fina-webfont.svg]
[www.bfxdata.com/analysis/img/demandsTableBg.png]
[www.bfxdata.com/analysis/img/offersTableBg.png]
[www.bfxdata.com/analysis/img/lastSwapsTableBg.png]
[www.bfxdata.com/analysis/analysis.css]
[www.bfxdata.com/compare/lane-font/LANENAR_-webfont.eot]
[www.bfxdata.com/compare/lane-font/LANENAR_-webfontd41d.eot]
[www.bfxdata.com/compare/lane-font/LANENAR_-webfont.woff]
[www.bfxdata.com/compare/lane-font/LANENAR_-webfont.ttf]
[www.bfxdata.com/compare/lane-font/LANENAR_-webfont.svg]
[www.bfxdata.com/compare/new_circle-font/New_Cicle_Fina-webfont.eot]
[www.bfxdata.com/compare/new_circle-font/New_Cicle_Fina-webfontd41d.eot]
[www.bfxdata.com/compare/new_circle-font/New_Cicle_Fina-webfont.woff]
[www.bfxdata.com/compare/new_circle-font/New_Cicle_Fina-webfont.ttf]
[www.bfxdata.com/compare/new_circle-font/New_Cicle_Fina-webfont.svg]
[www.bfxdata.com/compare/img/demandsTableBg.png]
[www.bfxdata.com/compare/img/offersTableBg.png]
[www.bfxdata.com/compare/img/lastSwapsTableBg.png]
[www.bfxdata.com/compare/compare.css]
[www.bfxdata.com/style/fonts/glyphicons-halflings-regular.svg]
[www.bfxdata.com/calculators/lane-font/LANENAR_-webfont.html]
[www.bfxdata.com/calculators/lane-font/LANENAR_-webfontd41d.html]
[www.bfxdata.com/calculators/lane-font/LANENAR_-webfont-2.html]
[www.bfxdata.com/calculators/lane-font/LANENAR_-webfont-3.html]
[www.bfxdata.com/calculators/lane-font/LANENAR_-webfont-4.html]
[www.bfxdata.com/calculators/new_circle-font/New_Cicle_Fina-webfont.html]
[www.bfxdata.com/calculators/new_circle-font/New_Cicle_Fina-webfontd41d.html]
[www.bfxdata.com/calculators/new_circle-font/New_Cicle_Fina-webfont-2.html]
[www.bfxdata.com/calculators/new_circle-font/New_Cicle_Fina-webfont-3.html]
[www.bfxdata.com/calculators/new_circle-font/New_Cicle_Fina-webfont-4.html]
[www.bfxdata.com/combined/lane-font/LANENAR_-webfont.html]
[www.bfxdata.com/combined/lane-font/LANENAR_-webfontd41d.html]
[www.bfxdata.com/combined/lane-font/LANENAR_-webfont-2.html]
[www.bfxdata.com/combined/lane-font/LANENAR_-webfont-3.html]
[www.bfxdata.com/combined/lane-font/LANENAR_-webfont-4.html]
[www.bfxdata.com/combined/new_circle-font/New_Cicle_Fina-webfont.html]
[www.bfxdata.com/combined/new_circle-font/New_Cicle_Fina-webfontd41d.html]
[www.bfxdata.com/combined/new_circle-font/New_Cicle_Fina-webfont-2.html]
[www.bfxdata.com/combined/new_circle-font/New_Cicle_Fina-webfont-3.html]
[www.bfxdata.com/combined/new_circle-font/New_Cicle_Fina-webfont-4.html]
[www.bfxdata.com/analysis/lane-font/LANENAR_-webfont.html]
[www.bfxdata.com/analysis/lane-font/LANENAR_-webfontd41d.html]
[www.bfxdata.com/analysis/lane-font/LANENAR_-webfont-2.html]
[www.bfxdata.com/analysis/lane-font/LANENAR_-webfont-3.html]
[www.bfxdata.com/analysis/lane-font/LANENAR_-webfont-4.html]
[www.bfxdata.com/analysis/new_circle-font/New_Cicle_Fina-webfont.html]
[www.bfxdata.com/analysis/new_circle-font/New_Cicle_Fina-webfontd41d.html]
[www.bfxdata.com/analysis/new_circle-font/New_Cicle_Fina-webfont-2.html]
[www.bfxdata.com/analysis/new_circle-font/New_Cicle_Fina-webfont-3.html]
[www.bfxdata.com/analysis/new_circle-font/New_Cicle_Fina-webfont-4.html]
[www.bfxdata.com/compare/lane-font/LANENAR_-webfont.html]
[www.bfxdata.com/compare/lane-font/LANENAR_-webfontd41d.html]
[www.bfxdata.com/compare/lane-font/LANENAR_-webfont-2.html]
[www.bfxdata.com/compare/lane-font/LANENAR_-webfont-3.html]
[www.bfxdata.com/compare/lane-font/LANENAR_-webfont-4.html]
[www.bfxdata.com/compare/new_circle-font/New_Cicle_Fina-webfont.html]
[www.bfxdata.com/compare/new_circle-font/New_Cicle_Fina-webfontd41d.html]
[www.bfxdata.com/compare/new_circle-font/New_Cicle_Fina-webfont-2.html]
[www.bfxdata.com/compare/new_circle-font/New_Cicle_Fina-webfont-3.html]
[www.bfxdata.com/compare/new_circle-font/New_Cicle_Fina-webfont-4.html]
